Script started on 2020-04-11 13:54:14-0700
ngoh@cf418-14:~/Lab1Repo/lab-1-HuyNhatNgo248$ how [K[K[K[Kgit [K[K[K[Kgt[Kit push [K[K[K[K[K[K[K[K[Kgit push dummy.txt[K[K[K[K[K[K[K[K[K[K[K[K[K[K[K[K [Kt add dummy.txt
ngoh@cf418-14:~/Lab1Repo/lab-1-HuyNhatNgo248$ git [K commit [K-m ""l"o"l"[1P"[1P"[1P"a"d"d" "d"u"m"m"y" "f"i"l"e"[C
git: 'commit-m' is not a git command. See 'git --help'.

The most similar command is
	commit-tree
ngoh@cf418-14:~/Lab1Repo/lab-1-HuyNhatNgo248$ git com[K[Kommit -m ""a"d"d" "d"u"m"m"y" "f"i"l"e"[C
On branch master
Your branch is up to date with 'origin/master'.

Untracked files:
	[31mtypescript[m

nothing added to commit but untracked files present
ngoh@cf418-14:~/Lab1Repo/lab-1-HuyNhatNgo248$ git[K[K[Kgit how[K[K[K[K[K[K[Kgit add -u[K[K[K -A[K[K-A
ngoh@cf418-14:~/Lab1Repo/lab-1-HuyNhatNgo248$ git commit -m ""t"e"s"t"i"n"g"[C
[master 74a9e6c] testing
 1 file changed, 0 insertions(+), 0 deletions(-)
 create mode 100644 typescript
ngoh@cf418-14:~/Lab1Repo/lab-1-HuyNhatNgo248$ git commit how [K[K[K[K[K[K[K[K[K[K[K[K[K[K[Kgit push origin master
Username for 'https://github.com': HuynhatNgo248
Password for 'https://HuynhatNgo248@github.com': 
Counting objects: 2, done.
Delta compression using up to 8 threads.
Compressing objects:  50% (1/2)   Compressing objects: 100% (2/2)   Compressing objects: 100% (2/2), done.
Writing objects:  50% (1/2)   Writing objects: 100% (2/2)   Writing objects: 100% (2/2), 255 bytes | 255.00 KiB/s, done.
Total 2 (delta 1), reused 0 (delta 0)
remote: Resolving deltas:   0% (0/1)[Kremote: Resolving deltas: 100% (1/1)[Kremote: Resolving deltas: 100% (1/1), completed with 1 local object.[K
To https://github.com/csci241-20s/lab-1-HuyNhatNgo248
   2e57fc1..74a9e6c  master -> master
ngoh@cf418-14:~/Lab1Repo/lab-1-HuyNhatNgo248$ git [K[K[K[Kmkdir how [K[K[K[K[K[K[K[K[K[Kgit push[K[K[Kull
remote: Enumerating objects: 12, done.[K
remote: Counting objects:   8% (1/12)[Kremote: Counting objects:  16% (2/12)[Kremote: Counting objects:  25% (3/12)[Kremote: Counting objects:  33% (4/12)[Kremote: Counting objects:  41% (5/12)[Kremote: Counting objects:  50% (6/12)[Kremote: Counting objects:  58% (7/12)[Kremote: Counting objects:  66% (8/12)[Kremote: Counting objects:  75% (9/12)[Kremote: Counting objects:  83% (10/12)[Kremote: Counting objects:  91% (11/12)[Kremote: Counting objects: 100% (12/12)[Kremote: Counting objects: 100% (12/12), done.[K
remote: Compressing objects:  50% (1/2)[Kremote: Compressing objects: 100% (2/2)[Kremote: Compressing objects: 100% (2/2), done.[K
remote: Total 7 (delta 1), reused 7 (delta 1), pack-reused 0[K
Unpacking objects:  14% (1/7)   Unpacking objects:  28% (2/7)   Unpacking objects:  42% (3/7)   Unpacking objects:  57% (4/7)   Unpacking objects:  71% (5/7)   Unpacking objects:  85% (6/7)   Unpacking objects: 100% (7/7)   Unpacking objects: 100% (7/7), done.
From https://github.com/csci241-20s/lab-1-HuyNhatNgo248
   74a9e6c..b618c8d  master     -> origin/master
Updating 74a9e6c..b618c8d
Fast-forward
 .DS_Store                     | Bin [31m0[m -> [32m6148[m bytes
 src/main/java/lab1/Hello.java |  15 [31m---------------[m
 2 files changed, 15 deletions(-)
 create mode 100644 .DS_Store
 delete mode 100644 src/main/java/lab1/Hello.java
ngoh@cf418-14:~/Lab1Repo/lab-1-HuyNhatNgo248$ ls
build	      dummy.txt  settings.gradle  typescript	writeup.txt
build.gradle  gradle	 src		  username.txt
ngoh@cf418-14:~/Lab1Repo/lab-1-HuyNhatNgo248$ ls
build	      dummy.txt  settings.gradle  typescript	writeup.txt
build.gradle  gradle	 src		  username.txt
ngoh@cf418-14:~/Lab1Repo/lab-1-HuyNhatNgo248$ git rm dummy.txt
fatal: pathspec 'dummy.txt' did not match any files
ngoh@cf418-14:~/Lab1Repo/lab-1-HuyNhatNgo248$ how [K[K[K[Kdummy.txt
dummy.txt: command not found
ngoh@cf418-14:~/Lab1Repo/lab-1-HuyNhatNgo248$ how [K[K[K[Kgit remove[K[K[K[K[K[K[K[K[K[Kls
build	      dummy.txt  settings.gradle  typescript	writeup.txt
build.gradle  gradle	 src		  username.txt
ngoh@cf418-14:~/Lab1Repo/lab-1-HuyNhatNgo248$ git rm[K[K[K[K[K[Kgit log
[?1h=[33mcommit b618c8d9fe4d2e4f453bec340838524ad2a486e9[m[33m ([m[1;36mHEAD -> [m[1;32mmaster[m[33m, [m[1;31morigin/master[m[33m, [m[1;31morigin/HEAD[m[33m)[m[m
Author: Huy Nhat Ngo <ngoh@wwu.edu>[m
Date:   Sat Apr 11 14:02:38 2020 -0700[m
[m
    remove dummy file[m
[m
[33mcommit 74a9e6cfcdb6d0010061a009b8bb4cfa7a4fec53[m[m
Author: Huy Nhat Ngo <ngoh@wwu.edu>[m
Date:   Sat Apr 11 13:56:00 2020 -0700[m
[m
    testing[m
[m
[33mcommit 2e57fc16840e4dd9cf549dbcaf649c01222985ad[m[m
Author: Huy Nhat Ngo <ngoh@wwu.edu>[m
Date:   Sat Apr 11 13:41:13 2020 -0700[m
[m
    add dummy file to delete later[m
[m
[33mcommit 3f8dbad5c18258f10ddc06a164c397215ae410e6[m[m
Author: Huy Nhat Ngo <ngoh@wwu.edu>[m
Date:   Sat Apr 11 13:18:25 2020 -0700[m
[m
    Hello now prints command line arg[m
:[K[K[?1l>ngoh@cf418-14:~/Lab1Repo/lab-1-HuyNhatNgo248$ 
ngoh@cf418-14:~/Lab1Repo/lab-1-HuyNhatNgo248$ git f[Kdiff
[?1h=[K[?1l>ngoh@cf418-14:~/Lab1Repo/lab-1-HuyNhatNgo248$ di[K[Kgit diff
[?1h=[K[?1l>ngoh@cf418-14:~/Lab1Repo/lab-1-HuyNhatNgo248$ 
ngoh@cf418-14:~/Lab1Repo/lab-1-HuyNhatNgo248$ 
ngoh@cf418-14:~/Lab1Repo/lab-1-HuyNhatNgo248$ 
ngoh@cf418-14:~/Lab1Repo/lab-1-HuyNhatNgo248$ 
ngoh@cf418-14:~/Lab1Repo/lab-1-HuyNhatNgo248$ 
ngoh@cf418-14:~/Lab1Repo/lab-1-HuyNhatNgo248$ 
ngoh@cf418-14:~/Lab1Repo/lab-1-HuyNhatNgo248$ git mv change [K[K[K[K[K[K[Kchange name[K[K[K[K[K[K[K[K[K[K[K[Kwriteu[K[K[K[K[K[K writeup.txt r[KwriteupCa[Khane[Kge.txt
ngoh@cf418-14:~/Lab1Repo/lab-1-HuyNhatNgo248$ ls
build	      dummy.txt  settings.gradle  typescript	writeupChange.txt
build.gradle  gradle	 src		  username.txt
ngoh@cf418-14:~/Lab1Repo/lab-1-HuyNhatNgo248$ git mv writeupChane[Ke[Kge.txt writeup.txt
ngoh@cf418-14:~/Lab1Repo/lab-1-HuyNhatNgo248$ ls
build	      dummy.txt  settings.gradle  typescript	writeup.txt
build.gradle  gradle	 src		  username.txt
ngoh@cf418-14:~/Lab1Repo/lab-1-HuyNhatNgo248$ git blame
usage: git blame [<options>] [<rev-opts>] [<rev>] [--] <file>

    <rev-opts> are documented in git-rev-list(1)

    --incremental         Show blame entries as we find them, incrementally
    -b                    Show blank SHA-1 for boundary commits (Default: off)
    --root                Do not treat root commits as boundaries (Default: off)
    --show-stats          Show work cost statistics
    --progress            Force progress reporting
    --score-debug         Show output score for blame entries
    -f, --show-name       Show original filename (Default: auto)
    -n, --show-number     Show original linenumber (Default: off)
    -p, --porcelain       Show in a format designed for machine consumption
    --line-porcelain      Show porcelain format with per-line commit information
    -c                    Use the same output mode as git-annotate (Default: off)
    -t                    Show raw timestamp (Default: off)
    -l                    Show long commit SHA1 (Default: off)
    -s                    Suppress author name and timestamp (Default: off)
    -e, --show-email      Show author email instead of name (Default: off)
    -w                    Ignore whitespace differences
    --indent-heuristic    Use an experimental heuristic to improve diffs
    --minimal             Spend extra cycles to find better match
    -S <file>             Use revisions from <file> instead of calling git-rev-list
    --contents <file>     Use <file>'s contents as the final image
    -C[<score>]           Find line copies within and across files
    -M[<score>]           Find line movements within and across files
    -L <n,m>              Process only line range n,m, counting from 1
    --abbrev[=<n>]        use <n> digits to display SHA-1s

ngoh@cf418-14:~/Lab1Repo/lab-1-HuyNhatNgo248$ git checkout
M	typescript
Your branch is up to date with 'origin/master'.
ngoh@cf418-14:~/Lab1Repo/lab-1-HuyNhatNgo248$ git how [K[K[K[K[K[K[K[Kgit rm[K[K[K[K[K[Kgit reset [K
Unstaged changes after reset:
M	typescript
ngoh@cf418-14:~/Lab1Repo/lab-1-HuyNhatNgo248$ how [K[K[K[Kgit [K[K[K[Kgit [K[K[K[Kgit [K[K[K[Kgit rm dymmy[K[K[K[Kummy.txt
fatal: pathspec 'dummy.txt' did not match any files
ngoh@cf418-14:~/Lab1Repo/lab-1-HuyNhatNgo248$ how [K[K[K[Kgit mv writeupC[K.txt writeup.[KC.xt[K[Ktxt
ngoh@cf418-14:~/Lab1Repo/lab-1-HuyNhatNgo248$ ls
build	      dummy.txt  settings.gradle  typescript	writeupC.txt
build.gradle  gradle	 src		  username.txt
ngoh@cf418-14:~/Lab1Repo/lab-1-HuyNhatNgo248$ git mv writeupC.txt writeup.txt
ngoh@cf418-14:~/Lab1Repo/lab-1-HuyNhatNgo248$ ls
build	      dummy.txt  settings.gradle  typescript	writeup.txt
build.gradle  gradle	 src		  username.txt
ngoh@cf418-14:~/Lab1Repo/lab-1-HuyNhatNgo248$ git blame 
usage: git blame [<options>] [<rev-opts>] [<rev>] [--] <file>

    <rev-opts> are documented in git-rev-list(1)

    --incremental         Show blame entries as we find them, incrementally
    -b                    Show blank SHA-1 for boundary commits (Default: off)
    --root                Do not treat root commits as boundaries (Default: off)
    --show-stats          Show work cost statistics
    --progress            Force progress reporting
    --score-debug         Show output score for blame entries
    -f, --show-name       Show original filename (Default: auto)
    -n, --show-number     Show original linenumber (Default: off)
    -p, --porcelain       Show in a format designed for machine consumption
    --line-porcelain      Show porcelain format with per-line commit information
    -c                    Use the same output mode as git-annotate (Default: off)
    -t                    Show raw timestamp (Default: off)
    -l                    Show long commit SHA1 (Default: off)
    -s                    Suppress author name and timestamp (Default: off)
    -e, --show-email      Show author email instead of name (Default: off)
    -w                    Ignore whitespace differences
    --indent-heuristic    Use an experimental heuristic to improve diffs
    --minimal             Spend extra cycles to find better match
    -S <file>             Use revisions from <file> instead of calling git-rev-list
    --contents <file>     Use <file>'s contents as the final image
    -C[<score>]           Find line copies within and across files
    -M[<score>]           Find line movements within and across files
    -L <n,m>              Process only line range n,m, counting from 1
    --abbrev[=<n>]        use <n> digits to display SHA-1s

ngoh@cf418-14:~/Lab1Repo/lab-1-HuyNhatNgo248$ git log 
[?1h=[33mcommit b618c8d9fe4d2e4f453bec340838524ad2a486e9[m[33m ([m[1;36mHEAD -> [m[1;32mmaster[m[33m, [m[1;31morigin/master[m[33m, [m[1;31morigin/HEAD[m[33m)[m[m
Author: Huy Nhat Ngo <ngoh@wwu.edu>[m
Date:   Sat Apr 11 14:02:38 2020 -0700[m
[m
    remove dummy file[m
[m
[33mcommit 74a9e6cfcdb6d0010061a009b8bb4cfa7a4fec53[m[m
Author: Huy Nhat Ngo <ngoh@wwu.edu>[m
Date:   Sat Apr 11 13:56:00 2020 -0700[m
[m
    testing[m
[m
[33mcommit 2e57fc16840e4dd9cf549dbcaf649c01222985ad[m[m
Author: Huy Nhat Ngo <ngoh@wwu.edu>[m
Date:   Sat Apr 11 13:41:13 2020 -0700[m
[m
    add dummy file to delete later[m
[m
[33mcommit 3f8dbad5c18258f10ddc06a164c397215ae410e6[m[m
Author: Huy Nhat Ngo <ngoh@wwu.edu>[m
Date:   Sat Apr 11 13:18:25 2020 -0700[m
[m
    Hello now prints command line arg[m
:[K[K[?1l>ngoh@cf418-14:~/Lab1Repo/lab-1-HuyNhatNgo248$ 
ngoh@cf418-14:~/Lab1Repo/lab-1-HuyNhatNgo248$ git diff
[?1h=[1mdiff --git a/typescript b/typescript[m[m
[1mindex e69de29..aba13c2 100644[m[m
[1m--- a/typescript[m[m
[1m+++ b/typescript[m[m
[36m@@ -0,0 +1,127 @@[m[m
[32m+[m[32mScript started on 2020-04-11 13:54:14-0700[m[m
[32m+[m[32mngoh@cf418-14:~/Lab1Repo/lab-1-HuyNhatNgo248$ [7m^G^G^G^G^G^G^G^G[27mgit add dummy.txt[m[41m[7m^M[27m[m[m
[32m+[m[32mngoh@cf418-14:~/Lab1Repo/lab-1-HuyNhatNgo248$ git commit-m "add dummy file[m[41m[7m^M[27m[m[m
[32m+[m[32mgit: 'commit-m' is not a git command. See 'git --help'.[m[41m[7m^M[27m[m[m
[32m+[m[41m[7m^M[27m[m[m
[32m+[m[32mThe most similar command is[m[41m[7m^M[27m[m[m
[32m+[m       [32mcommit-tree[m[41m[7m^M[27m[m[m
[32m+[m[32mngoh@cf418-14:~/Lab1Repo/lab-1-HuyNhatNgo248$ git commit -m "add dummy file[m[41m[7m^M[27m[m[m
[32m+[m[32mOn branch master[m[41m[7m^M[27m[m[m
[32m+[m[32mYour branch is up to date with 'origin/master'.[m[41m[7m^M[27m[m[m
[32m+[m[41m[7m^M[27m[m[m
[32m+[m[32mUntracked files:[m[41m[7m^M[27m[m[m
[32m+[m       [32m[31mtypescript[m[m[41m[7m^M[27m[m[m
[32m+[m[41m[7m^M[27m[m[m
[32m+[m[32mnothing added to commit but untracked files present[m[41m[7m^M[27m[m[m
[32m+[m[32mngoh@cf418-14:~/Lab1Repo/lab-1-HuyNhatNgo248$ [7m^G^G^G^G^G^G[27mgit add -A[m[41m[7m^M[27m[m[m
[32m+[m[32mngoh@cf418-14:~/Lab1Repo/lab-1-HuyNhatNgo248$ git commit -m "testing[m[41m[7m^M[27m[m[m
[32m+[m[32m[master 74a9e6c] testing[m[41m[7m^M[27m[m[m
:[K[K[?1l>ngoh@cf418-14:~/Lab1Repo/lab-1-HuyNhatNgo248$ q

Command 'q' not found, but can be installed with:

snap install q                       # version 1.6.3-1, or
apt  install python-q-text-as-data 
apt  install python3-q-text-as-data

See 'snap info q' for additional versions.

ngoh@cf418-14:~/Lab1Repo/lab-1-HuyNhatNgo248$ git diff
[?1h=[1mdiff --git a/typescript b/typescript[m[m
[1mindex e69de29..aba13c2 100644[m[m
[1m--- a/typescript[m[m
[1m+++ b/typescript[m[m
[36m@@ -0,0 +1,127 @@[m[m
[32m+[m[32mScript started on 2020-04-11 13:54:14-0700[m[m
[32m+[m[32mngoh@cf418-14:~/Lab1Repo/lab-1-HuyNhatNgo248$ [7m^G^G^G^G^G^G^G^G[27mgit add dummy.txt[m[41m[7m^M[27m[m[m
[32m+[m[32mngoh@cf418-14:~/Lab1Repo/lab-1-HuyNhatNgo248$ git commit-m "add dummy file[m[41m[7m^M[27m[m[m
[32m+[m[32mgit: 'commit-m' is not a git command. See 'git --help'.[m[41m[7m^M[27m[m[m
[32m+[m[41m[7m^M[27m[m[m
[32m+[m[32mThe most similar command is[m[41m[7m^M[27m[m[m
[32m+[m       [32mcommit-tree[m[41m[7m^M[27m[m[m
[32m+[m[32mngoh@cf418-14:~/Lab1Repo/lab-1-HuyNhatNgo248$ git commit -m "add dummy file[m[41m[7m^M[27m[m[m
[32m+[m[32mOn branch master[m[41m[7m^M[27m[m[m
[32m+[m[32mYour branch is up to date with 'origin/master'.[m[41m[7m^M[27m[m[m
[32m+[m[41m[7m^M[27m[m[m
[32m+[m[32mUntracked files:[m[41m[7m^M[27m[m[m
[32m+[m       [32m[31mtypescript[m[m[41m[7m^M[27m[m[m
[32m+[m[41m[7m^M[27m[m[m
[32m+[m[32mnothing added to commit but untracked files present[m[41m[7m^M[27m[m[m
[32m+[m[32mngoh@cf418-14:~/Lab1Repo/lab-1-HuyNhatNgo248$ [7m^G^G^G^G^G^G[27mgit add -A[m[41m[7m^M[27m[m[m
[32m+[m[32mngoh@cf418-14:~/Lab1Repo/lab-1-HuyNhatNgo248$ git commit -m "testing[m[41m[7m^M[27m[m[m
[32m+[m[32m[master 74a9e6c] testing[m[41m[7m^M[27m[m[m
:[K[K[?1l>ngoh@cf418-14:~/Lab1Repo/lab-1-HuyNhatNgo248$ 
ngoh@cf418-14:~/Lab1Repo/lab-1-HuyNhatNgo248$ git log
[?1h=[33mcommit b618c8d9fe4d2e4f453bec340838524ad2a486e9[m[33m ([m[1;36mHEAD -> [m[1;32mmaster[m[33m, [m[1;31morigin/master[m[33m, [m[1;31morigin/HEAD[m[33m)[m[m
Author: Huy Nhat Ngo <ngoh@wwu.edu>[m
Date:   Sat Apr 11 14:02:38 2020 -0700[m
[m
    remove dummy file[m
[m
[33mcommit 74a9e6cfcdb6d0010061a009b8bb4cfa7a4fec53[m[m
Author: Huy Nhat Ngo <ngoh@wwu.edu>[m
Date:   Sat Apr 11 13:56:00 2020 -0700[m
[m
    testing